internal.suno.com
timbaland.suno.com
apitest.suno.com
infra.suno.com
celery-flower.staging.suno.com
studio-api-lyrion-prod.suno.com
studio-api-lyrion-staging.suno.com
release-orchestrator.suno.com
suno.com
about.suno.com
retool.suno.com
help.suno.com
statusz-staging.suno.com
link-updates.suno.com
stream.suno.com
platform.suno.com
flute-api-staging.suno.com
hcaptcha-imgs-staging.suno.com
api.suno.com
auth-staging.suno.com
demo.suno.com
try.suno.com
test.suno.com
device-attestation-staging.suno.com
hcaptcha-endpoint-staging.suno.com
statusz-staging-test.suno.com
suno-pass.internal.suno.com
suno-content-prod.suno.com
hcaptcha-reportapi-staging.suno.com
hcaptcha-endpoint-prod.suno.com
suno-content-main-prod.suno.com
clerk.suno.com
hcaptcha-assets-prod.suno.com
goto.suno.com
clicks.suno.com
accounts.suno.com
studio-api-prod.suno.com
replica2.suno.com
testing-ui.suno.com
www.suno.com
metrics-prod.suno.com
groove.suno.com
api-stage.suno.com
cdn-o.suno.com
flute-api-prod.suno.com
device-attestation-prod.suno.com
clkmail.suno.com
auth.suno.com
hcaptcha-imgs-prod.suno.com
hcaptcha-reportapi-prod.suno.com
hcaptcha-assets-staging.suno.com
suno-toolshed.internal.suno.com
studio-api-staging.suno.com
suno-content-staging.suno.com
suno-content-main-staging.suno.com
2025.suno.com
shop.suno.com
www.shop.suno.com
christmas.suno.com
coffey.suno.com
cdn-e.suno.com
suno-infra-review-bot.internal.suno.com
okta-mail.suno.com
blog.suno.com
vinyl.suno.com
get.suno.com
artist-v3.lp.suno.com
artist-v4.lp.suno.com
go.suno.com
ianndior.suno.com
atlantis.internal.suno.com
api-staging.suno.com
doorman.internal.suno.com
songs-of-love.suno.com
blackparty.suno.com
imoliver.suno.com
celery-flower.prod.suno.com
studio-api.prod.suno.com
studio-api.staging.suno.com
on.suno.com
backstage.suno.com
suno-doorman.internal.suno.com
students.suno.com
chat.suno.com
studio-api.sky.suno.com
